2026-04-21 01:59:40,822 [INFO] TensorFlow 2.21.0 доступен.
2026-04-21 01:59:40,823 [INFO] ============================================================
2026-04-21 01:59:40,823 [INFO] ЗАГРУЗКА ДАННЫХ
2026-04-21 01:59:40,823 [INFO] ============================================================
2026-04-21 01:59:42,252 [INFO] Загружено: 284,807 строк, 31 столбцов.
2026-04-21 01:59:42,252 [INFO] ============================================================
2026-04-21 01:59:42,252 [INFO] РАЗВЕДОЧНЫЙ АНАЛИЗ ДАННЫХ
2026-04-21 01:59:42,252 [INFO] ============================================================
2026-04-21 01:59:43,530 [INFO] График → results/01_eda_overview.png
2026-04-21 01:59:44,528 [INFO] График → results/02_correlation_matrix.png
2026-04-21 01:59:46,256 [INFO] График → results/03_feature_distributions.png
2026-04-21 01:59:46,256 [INFO] EDA завершён.
2026-04-21 01:59:46,256 [INFO] ============================================================
2026-04-21 01:59:46,256 [INFO] СОЗДАНИЕ ВРЕМЕННЫХ РЯДОВ
2026-04-21 01:59:46,256 [INFO] ============================================================
2026-04-21 01:59:46,423 [INFO] Временной ряд: 48 часовых периодов, средняя доля фрода = 0.00273
2026-04-21 01:59:47,502 [INFO] График → results/04_time_series_dynamics.png
2026-04-21 01:59:47,502 [INFO] ============================================================
2026-04-21 01:59:47,502 [INFO] ПРИЗНАКОВАЯ ИНЖЕНЕРИЯ
2026-04-21 01:59:47,502 [INFO] ============================================================
2026-04-21 01:59:47,534 [INFO] Новые признаки: ['Hour', 'DayOfWeek', 'IsNight', 'Log_Amount', 'Amount_MA', 'Amount_STD', 'Amount_Dev']
2026-04-21 01:59:47,534 [INFO] Итого признаков: 39
2026-04-21 01:59:47,534 [INFO] ============================================================
2026-04-21 01:59:47,534 [INFO] СТАТИСТИЧЕСКИЙ АНАЛИЗ ВРЕМЕННЫХ РЯДОВ
2026-04-21 01:59:47,534 [INFO] ============================================================
2026-04-21 01:59:47,823 [INFO] График → results/05_correlogram_доля_мошенничества.png
2026-04-21 01:59:48,549 [INFO] График → results/06_ts_decomposition.png
2026-04-21 01:59:50,138 [INFO] График → results/07_arima_forecast.png
2026-04-21 01:59:50,437 [INFO] График → results/05_correlogram_средняя_сумма_транзакций.png
2026-04-21 01:59:51,027 [INFO] График → results/08_garch_model.png
2026-04-21 01:59:51,028 [INFO] ============================================================
2026-04-21 01:59:51,028 [INFO] ПОДГОТОВКА ДАННЫХ ДЛЯ ML
2026-04-21 01:59:51,028 [INFO] ============================================================
2026-04-21 01:59:51,302 [INFO] Train: 199,364  Val: 28,481  Test: 56,962
2026-04-21 01:59:51,302 [INFO] Нормальных в train: 198,980
2026-04-21 01:59:51,441 [INFO] 
--- Метод 1: One-Class SVM ---
2026-04-21 02:08:17,910 [INFO] TensorFlow 2.21.0 доступен.
2026-04-21 02:08:17,911 [INFO] ============================================================
2026-04-21 02:08:17,911 [INFO] ЗАГРУЗКА ДАННЫХ
2026-04-21 02:08:17,911 [INFO] ============================================================
2026-04-21 02:08:20,321 [INFO] Загружено: 284,807 строк, 31 столбцов.
2026-04-21 02:08:20,321 [INFO] ============================================================
2026-04-21 02:08:20,321 [INFO] РАЗВЕДОЧНЫЙ АНАЛИЗ ДАННЫХ
2026-04-21 02:08:20,322 [INFO] ============================================================
2026-04-21 02:08:22,507 [INFO] График → results/01_eda_overview.png
2026-04-21 02:08:24,602 [INFO] График → results/02_correlation_matrix.png
2026-04-21 02:08:26,567 [INFO] График → results/03_feature_distributions.png
2026-04-21 02:08:26,567 [INFO] EDA завершён.
2026-04-21 02:08:26,568 [INFO] ============================================================
2026-04-21 02:08:26,568 [INFO] СОЗДАНИЕ ВРЕМЕННЫХ РЯДОВ
2026-04-21 02:08:26,568 [INFO] ============================================================
2026-04-21 02:08:26,740 [INFO] Временной ряд: 48 часовых периодов, средняя доля фрода = 0.00273
2026-04-21 02:08:27,531 [INFO] График → results/04_time_series_dynamics.png
2026-04-21 02:08:27,534 [INFO] ============================================================
2026-04-21 02:08:27,534 [INFO] ПРИЗНАКОВАЯ ИНЖЕНЕРИЯ
2026-04-21 02:08:27,534 [INFO] ============================================================
2026-04-21 02:08:27,601 [INFO] Новые признаки: ['Hour', 'DayOfWeek', 'IsNight', 'Log_Amount', 'Amount_MA', 'Amount_STD', 'Amount_Dev']
2026-04-21 02:08:27,601 [INFO] Итого признаков: 39
2026-04-21 02:08:27,601 [INFO] ============================================================
2026-04-21 02:08:27,601 [INFO] СТАТИСТИЧЕСКИЙ АНАЛИЗ ВРЕМЕННЫХ РЯДОВ
2026-04-21 02:08:27,601 [INFO] ============================================================
2026-04-21 02:08:27,890 [INFO] График → results/05_correlogram_доля_мошенничества.png
2026-04-21 02:08:28,590 [INFO] График → results/06_ts_decomposition.png
2026-04-21 02:08:30,039 [INFO] График → results/07_arima_forecast.png
2026-04-21 02:08:30,335 [INFO] График → results/05_correlogram_средняя_сумма_транзакций.png
2026-04-21 02:08:30,950 [INFO] График → results/08_garch_model.png
2026-04-21 02:08:30,950 [INFO] ============================================================
2026-04-21 02:08:30,950 [INFO] ПОДГОТОВКА ДАННЫХ ДЛЯ ML
2026-04-21 02:08:30,950 [INFO] ============================================================
2026-04-21 02:08:31,221 [INFO] Train: 199,364  Val: 28,481  Test: 56,962
2026-04-21 02:08:31,221 [INFO] Нормальных в train: 198,980
2026-04-21 02:08:31,372 [INFO] 
--- Метод 1: One-Class SVM ---
2026-04-21 02:47:24,995 [INFO] 
--- Метод 2: Isolation Forest ---
2026-04-21 02:47:40,383 [INFO] 
--- Метод 3: Local Outlier Factor ---
2026-04-21 02:53:01,403 [INFO] 
--- Метод 4: XGBoost (supervised baseline) ---
2026-04-21 02:53:02,555 [INFO] 
--- Метод 5: Random Forest (Grid Search CV) ---
2026-04-21 02:54:48,355 [INFO] 
--- НС 1: Autoencoder ---
2026-04-21 02:55:48,490 [INFO] График → results/09_autoencoder_analysis.png
2026-04-21 02:55:48,491 [INFO] 
--- НС 2: LSTM Autoencoder ---
2026-04-21 02:55:49,160 [INFO] Последовательности: train=(198970, 10, 35), test=(56952, 10, 35)
2026-04-21 03:06:31,878 [INFO] График → results/10_lstm_ae_analysis.png
2026-04-21 03:06:31,899 [INFO] ============================================================
2026-04-21 03:06:31,899 [INFO] СРАВНЕНИЕ МОДЕЛЕЙ
2026-04-21 03:06:31,899 [INFO] ============================================================
2026-04-21 03:06:32,260 [INFO] График → results/11_roc_curves.png
2026-04-21 03:06:32,846 [INFO] График → results/12_pr_curves.png
2026-04-21 03:06:33,984 [INFO] График → results/13_confusion_matrices.png
2026-04-21 03:06:34,458 [INFO] График → results/14_metrics_comparison.png
2026-04-21 03:06:34,458 [INFO] ============================================================
2026-04-21 03:06:34,458 [INFO] ВАЖНОСТЬ ПРИЗНАКОВ
2026-04-21 03:06:34,459 [INFO] ============================================================
2026-04-21 03:06:34,687 [INFO] График → results/15_feature_importance.png
2026-04-21 03:06:34,690 [INFO] ============================================================
2026-04-21 03:06:34,690 [INFO] КРОСС-ВАЛИДАЦИЯ НА СКОЛЬЗЯЩЕМ ОКНЕ (TimeSeriesSplit, n=5)
2026-04-21 03:06:34,690 [INFO] ============================================================
